
> client@0.1.0 build
> react-scripts build

(node:19016) [DEP0176] DeprecationWarning: fs.F_OK is deprecated, use fs.constants.F_OK instead
(Use `node --trace-deprecation ...` to show where the warning was created)
Creating an optimized production build...
Failed to compile.

[eslint] 
src\pages\InstructorCourses.js
Syntax error: Unexpected token (12:1) (12:1)


